// Jest Snapshot v1, https://goo.gl/fbAQLP

exports[`activity-detail ActivityDetail #render should render correctly the activity 1`] = `
<div>
  Pierre-Baptiste BÃ©chu
</div>
`;

exports[`activity-detail ActivityDetail #render should render correctly when there's an error 1`] = `
<div>
  test_error
</div>
`;

exports[`activity-detail ActivityDetail #render should render correctly while loading 1`] = `
<div>
  Loading...
</div>
`;
